// Jest Snapshot v1, https://goo.gl/fbAQLP

exports[`renders correctly 1`] = `
<div
  className="country-div pb-3 lighter-bg"
>
  <a
    aria-current={null}
    href="/undefined"
    onClick={[Function]}
  >
    <span
      className="country-arrow"
    >
      <box-icon
        color="#fff"
        name="right-arrow-circle"
        size="1rem"
      />
    </span>
    <div
      className="country-bx"
    >
      <box-icon
        color="#7B2C4B"
        name="world"
        size="6rem"
      />
    </div>
    <div
      className="country-text me-2"
    >
      <div
        className="country-name"
      />
      <div
        className="country-sub-cases"
      />
    </div>
  </a>
</div>
`;
