// Jest Snapshot v1, https://goo.gl/fbAQLP

exports[`renders correctly 1`] = `
<div
  className="topic-div"
>
  <div>
    
  </div>
</div>
`;
